appendo {
1, 2, []
}
appendo {
3, 4, []
}
appendo {
1, 2, 3, 4, []
}
reverso {
4, 3, 2, 1, []
}
reverso' {
4, 3, 2, 1, []
}
just_a {
5
}
a_and_b {
7
}
a_and_b' {
6
5
}
fives {
5
5
5
5
5
5
5
5
5
5
}
